<html>
<body>
<pre>
<h1>µVision Build Log</h1>
<h2>Tool Versions:</h2>
IDE-Version: £gVision V5.23.0.0
Copyright (C) 2017 ARM Ltd and ARM Germany GmbH. All rights reserved.
License Information: VINCY XIAO, city science lab, LIC=32B1Q-NDC2T-45CT5-G67C8-GE9BT-6XH3T
 
Tool Versions:
Toolchain:       MDK-ARM Plus  Version: 5.23
Toolchain Path:  C:\Keil_v5\ARM\ARMCC\Bin
C Compiler:      Armcc.exe V5.06 update 4 (build 422)
Assembler:       Armasm.exe V5.06 update 4 (build 422)
Linker/Locator:  ArmLink.exe V5.06 update 4 (build 422)
Library Manager: ArmAr.exe V5.06 update 4 (build 422)
Hex Converter:   FromElf.exe V5.06 update 4 (build 422)
CPU DLL:         SARMCM3.DLL V5.23
Dialog DLL:      DARMSTM.DLL V1.68.0.0
Target DLL:      STLink\ST-LINKIII-KEIL_SWO.dll V2.0.18.0
Dialog DLL:      TARMSTM.DLL V1.66.0.0
 
<h2>Project:</h2>
C:\Users\VIN\Documents\uwb\Project\ds_twr_init\MDK-ARM\Project.uvprojx
Project File Date:  03/16/2022

<h2>Output:</h2>
*** Using Compiler 'V5.06 update 4 (build 422)', folder: 'C:\Keil_v5\ARM\ARMCC\Bin'
Rebuild target 'ds_twr_init'
compiling stm32f10x_it.c...
compiling stm32f10x_bkp.c...
compiling stm32f10x_fsmc.c...
compiling stm32f10x_spi.c...
compiling misc.c...
compiling stm32f10x_exti.c...
compiling stm32f10x_sdio.c...
compiling stm32f10x_dma.c...
compiling stm32f10x_adc.c...
compiling stm32f10x_usart.c...
compiling stm32f10x_rcc.c...
compiling stm32f10x_i2c.c...
compiling stm32f10x_gpio.c...
compiling stm32f10x_can.c...
compiling main.c...
..\main.c(244): warning:  #177-D: variable "final_distance"  was declared but never referenced
      float final_distance = 0;
..\main.c(408): warning:  #177-D: variable "anthor_index"  was declared but never referenced
      uint8 anthor_index = 0;
..\main.c(460): warning:  #177-D: variable "rx_ant_delay"  was declared but never referenced
      int rx_ant_delay =32880;
..\main.c(461): warning:  #177-D: variable "index"  was declared but never referenced
      int index = 0 ;
..\main.c(950): warning:  #223-D: function "LCD_ClearLines" declared implicitly
  			 LCD_ClearLines();
..\main.c(955): warning:  #167-D: argument of type "char *" is incompatible with parameter of type "uint8_t *"
          OLED_ShowString(0, 2,dist_str);
..\main.c(961): warning:  #167-D: argument of type "char *" is incompatible with parameter of type "uint8_t *"
          OLED_ShowString(0, 4,dist_str);
..\main.c(967): warning:  #167-D: argument of type "char *" is incompatible with parameter of type "uint8_t *"
          OLED_ShowString(0, 6,dist_str);
..\main.c(1050): warning:  #175-D: subscript out of range
              angle_msg[
OCATION_INFO_START_IDX + (len++)] = (uint8)((Anthordistance[3]/10)&0xFF);
..\main.c(1051): warning:  #175-D: subscript out of range
              angle_msg[
OCATION_INFO_START_IDX + (len++)] = (uint8)((Anthordistance[3]/10 >>8)&0xFF);
..\main.c(79): warning:  #177-D: variable "rx_poll_msg"  was declared but never referenced
  static uint8 rx_poll_msg[] =  {0x41, 0x88, 0, 0x0, 0xDE, 'W', 'A', 'V', 'E', 0x21, 0, 0};
..\main.c(80): warning:  #177-D: variable "tx_resp_msg"  was declared but never referenced
  static uint8 tx_resp_msg[] =  {0x41, 0x88, 0, 0x0, 0xDE, 'V', 'E', 'W', 'A', 0x10, 0x02, 0, 0, 0, 0};
..\main.c(81): warning:  #177-D: variable "rx_final_msg"  was declared but never referenced
  static uint8 rx_final_msg[] = {0x41, 0x88, 0, 0x0, 0xDE, 'W', 'A', 'V', 'E', 0x23, 0, 0, 0, 0, 0, 0, 0, 0, 0, 0, 0, 0, 0, 0};
..\main.c(111): warning:  #177-D: variable "frame_seq_nb_semaphore"  was declared but never referenced
  static uint8 frame_seq_nb_semaphore = 0;
..\main.c(150): warning:  #177-D: variable "poll_rx_ts"  was declared but never referenced
  static uint64 poll_rx_ts;
..\main.c(151): warning:  #177-D: variable "resp_tx_ts"  was declared but never referenced
  static uint64 resp_tx_ts;
..\main.c(152): warning:  #177-D: variable "final_rx_ts"  was declared but never referenced
  static uint64 final_rx_ts;
..\main.c(164): warning:  #177-D: variable "tof"  was declared but never referenced
  static double tof;
..\main.c(165): warning:  #177-D: variable "distance"  was declared but never referenced
  static double distance;
..\main.c(1147): warning:  #177-D: function "final_msg_get_ts"  was declared but never referenced
  static void final_msg_get_ts(const uint8 *ts_field, uint32 *ts)
..\main.c: 20 warnings, 0 errors
compiling core_cm3.c...
compiling stm32f10x_crc.c...
compiling stm32f10x_dac.c...
compiling stm32f10x_cec.c...
compiling stm32f10x_dbgmcu.c...
compiling stm32f10x_wwdg.c...
compiling stm32f10x_pwr.c...
compiling stm32f10x_iwdg.c...
compiling stm32f10x_rtc.c...
compiling system_stm32f10x.c...
compiling stm32f10x_flash.c...
compiling stm32_eval.c...
compiling deca_mutex.c...
assembling startup_stm32f10x_hd.s...
compiling stm32_eval_i2c_tsensor.c...
compiling stm32f10x_tim.c...
compiling deca_params_init.c...
compiling stm3210e_eval_fsmc_sram.c...
compiling stm32_eval_spi_flash.c...
compiling deca_range_tables.c...
compiling stm3210e_eval_fsmc_nand.c...
compiling stm3210e_eval_fsmc_nor.c...
compiling deca_sleep.c...
compiling deca_spi.c...
compiling lcd.c...
compiling port.c...
..\platform\port.c(303): warning:  #223-D: function "printf" declared implicitly
  		printf("/*****************************************************************/\n");
..\platform\port.c(320): warning:  #223-D: function "putchar" declared implicitly
          putchar(s[i]);
..\platform\port.c(383): warning:  #1-D: last line of file ends without a newline
  }
..\platform\port.c: 3 warnings, 0 errors
compiling stm32_eval_sdio_sd.c...
compiling lcd_oled.c...
compiling stm3210e_eval_lcd.c...
compiling kalman.c...
compiling I2C.c...
compiling matrix.c...
compiling AT24C02.c...
..\at24c16\AT24C02.c(12): warning:  #223-D: function "printf" declared implicitly
  	printf("TEST1\r\n");
..\at24c16\AT24C02.c: 1 warning, 0 errors
compiling deca_device.c...
..\decadriver\deca_device.c(1052): warning:  #68-D: integer conversion resulted in a change of sign
      uint32  regval = 
WT_ERROR ;
..\decadriver\deca_device.c(1084): warning:  #68-D: integer conversion resulted in a change of sign
      uint16  regval = 
WT_ERROR ;
..\decadriver\deca_device.c(1398): warning:  #68-D: integer conversion resulted in a change of sign
          return 
WT_ERROR;
..\decadriver\deca_device.c(1532): warning:  #68-D: integer conversion resulted in a change of sign
          return 
WT_ERROR;
..\decadriver\deca_device.c: 4 warnings, 0 errors
compiling trilateration.c...
..\trilateration\trilateration.c(534): warning:  #550-D: variable "solution_compare2"  was set but never used
      vec3d   solution_compare1, solution_compare2;
..\trilateration\trilateration.c(712): warning:  #223-D: function "printf" declared implicitly
      printf("r1=%f , r2=%f, r3=%f,  r4=%f\r\n",r1,r2,r3,r4);
..\trilateration\trilateration.c(815): warning:  #223-D: function "printf" declared implicitly
      printf("TAG LOC:x = %f,y = %f\r\n",x0,y0);
..\trilateration\trilateration.c(760): warning:  #550-D: parameter "use4thAnchor"  was set but never used
  int GetLocation2(vec3d * best_solution,int use4thAnchor,vec3d * anchorArray,int * distanceArray)
..\trilateration\trilateration.c(941): warning:  #223-D: function "abs" declared implicitly
          if (abs(points_AC_0 - circles[2].r) < abs(points_AC_1 - circles[2].r))//cross_point[0]
..\trilateration\trilateration.c(1047): warning:  #223-D: function "printf" declared implicitly
  		printf("TAG LOC My:x = %3.2f,y = %3.2f\r\n",P_1,P_2);
..\trilateration\trilateration.c(967): warning:  #550-D: variable "Location"  was set but never used
      struct  point_t points[1],Location[1];;
..\trilateration\trilateration.c(1085): warning:  #223-D: function "printf" declared implicitly
  	printf("TAG LOC My1:x = %3.2f,y = %3.2f\r\n",resultPose.x,resultPose.y);
..\trilateration\trilateration.c: 8 warnings, 0 errors
linking...
Program Size: Code=11772 RO-data=2476 RW-data=820 ZI-data=1860  
FromELF: creating hex file...
".\STM3210E-EVAL\STM3210E-EVAL.axf" - 0 Error(s), 36 Warning(s).

<h2>Software Packages used:</h2>

Package Vendor: ARM
                http://www.keil.com/pack/ARM.CMSIS.5.0.1.pack
                ARM::CMSIS:CORE:5.0.1
                CMSIS (Cortex Microcontroller Software Interface Standard)
   * Component: CORE Version: 5.0.1

<h2>Collection of Component include folders:</h2>
  .\RTE\_ds_twr_init
  C:\Keil_v5\ARM\PACK\ARM\CMSIS\5.0.1\CMSIS\Include
  C:\Keil_v5\ARM\PACK\Keil\STM32F1xx_DFP\2.4.0\Device\Include

<h2>Collection of Component Files used:</h2>

   * Component: ARM::CMSIS:CORE:5.0.1
Build Time Elapsed:  00:00:02
</pre>
</body>
</html>
